Archive member included to satisfy reference by file (symbol)

c:/st/stm32cubeide_1.5.1/stm32cubeide/plugins/com.st.stm32cube.ide.mcu.externaltools.gnu-tools-for-stm32.7-2018-q2-update.win32_1.5.0.202011040924/tools/bin/../lib/gcc/arm-none-eabi/7.3.1/../../../../arm-none-eabi/lib/thumb/v7-m\libc_nano.a(lib_a-errno.o)
                              Core/Src/syscalls.o (__errno)
c:/st/stm32cubeide_1.5.1/stm32cubeide/plugins/com.st.stm32cube.ide.mcu.externaltools.gnu-tools-for-stm32.7-2018-q2-update.win32_1.5.0.202011040924/tools/bin/../lib/gcc/arm-none-eabi/7.3.1/../../../../arm-none-eabi/lib/thumb/v7-m\libc_nano.a(lib_a-exit.o)
                              c:/st/stm32cubeide_1.5.1/stm32cubeide/plugins/com.st.stm32cube.ide.mcu.externaltools.gnu-tools-for-stm32.7-2018-q2-update.win32_1.5.0.202011040924/tools/bin/../lib/gcc/arm-none-eabi/7.3.1/../../../../arm-none-eabi/lib/thumb/v7-m/crt0.o (exit)
c:/st/stm32cubeide_1.5.1/stm32cubeide/plugins/com.st.stm32cube.ide.mcu.externaltools.gnu-tools-for-stm32.7-2018-q2-update.win32_1.5.0.202011040924/tools/bin/../lib/gcc/arm-none-eabi/7.3.1/../../../../arm-none-eabi/lib/thumb/v7-m\libc_nano.a(lib_a-impure.o)
                              c:/st/stm32cubeide_1.5.1/stm32cubeide/plugins/com.st.stm32cube.ide.mcu.externaltools.gnu-tools-for-stm32.7-2018-q2-update.win32_1.5.0.202011040924/tools/bin/../lib/gcc/arm-none-eabi/7.3.1/../../../../arm-none-eabi/lib/thumb/v7-m\libc_nano.a(lib_a-exit.o) (_global_impure_ptr)
c:/st/stm32cubeide_1.5.1/stm32cubeide/plugins/com.st.stm32cube.ide.mcu.externaltools.gnu-tools-for-stm32.7-2018-q2-update.win32_1.5.0.202011040924/tools/bin/../lib/gcc/arm-none-eabi/7.3.1/../../../../arm-none-eabi/lib/thumb/v7-m\libc_nano.a(lib_a-init.o)
                              c:/st/stm32cubeide_1.5.1/stm32cubeide/plugins/com.st.stm32cube.ide.mcu.externaltools.gnu-tools-for-stm32.7-2018-q2-update.win32_1.5.0.202011040924/tools/bin/../lib/gcc/arm-none-eabi/7.3.1/../../../../arm-none-eabi/lib/thumb/v7-m/crt0.o (__libc_init_array)
c:/st/stm32cubeide_1.5.1/stm32cubeide/plugins/com.st.stm32cube.ide.mcu.externaltools.gnu-tools-for-stm32.7-2018-q2-update.win32_1.5.0.202011040924/tools/bin/../lib/gcc/arm-none-eabi/7.3.1/../../../../arm-none-eabi/lib/thumb/v7-m\libc_nano.a(lib_a-memset.o)
                              c:/st/stm32cubeide_1.5.1/stm32cubeide/plugins/com.st.stm32cube.ide.mcu.externaltools.gnu-tools-for-stm32.7-2018-q2-update.win32_1.5.0.202011040924/tools/bin/../lib/gcc/arm-none-eabi/7.3.1/../../../../arm-none-eabi/lib/thumb/v7-m/crt0.o (memset)
c:/st/stm32cubeide_1.5.1/stm32cubeide/plugins/com.st.stm32cube.ide.mcu.externaltools.gnu-tools-for-stm32.7-2018-q2-update.win32_1.5.0.202011040924/tools/bin/../lib/gcc/arm-none-eabi/7.3.1/thumb/v7-m\libgcc.a(_arm_addsubdf3.o)
                              Core/Src/qfis.o (__aeabi_dsub)
c:/st/stm32cubeide_1.5.1/stm32cubeide/plugins/com.st.stm32cube.ide.mcu.externaltools.gnu-tools-for-stm32.7-2018-q2-update.win32_1.5.0.202011040924/tools/bin/../lib/gcc/arm-none-eabi/7.3.1/thumb/v7-m\libgcc.a(_arm_muldivdf3.o)
                              Core/Src/qfis.o (__aeabi_dmul)
c:/st/stm32cubeide_1.5.1/stm32cubeide/plugins/com.st.stm32cube.ide.mcu.externaltools.gnu-tools-for-stm32.7-2018-q2-update.win32_1.5.0.202011040924/tools/bin/../lib/gcc/arm-none-eabi/7.3.1/thumb/v7-m\libgcc.a(_arm_cmpdf2.o)
                              Core/Src/qfis.o (__aeabi_dcmplt)
c:/st/stm32cubeide_1.5.1/stm32cubeide/plugins/com.st.stm32cube.ide.mcu.externaltools.gnu-tools-for-stm32.7-2018-q2-update.win32_1.5.0.202011040924/tools/bin/../lib/gcc/arm-none-eabi/7.3.1/thumb/v7-m\libgcc.a(_arm_truncdfsf2.o)
                              Core/Src/motor.o (__aeabi_d2f)
c:/st/stm32cubeide_1.5.1/stm32cubeide/plugins/com.st.stm32cube.ide.mcu.externaltools.gnu-tools-for-stm32.7-2018-q2-update.win32_1.5.0.202011040924/tools/bin/../lib/gcc/arm-none-eabi/7.3.1/thumb/v7-m\libgcc.a(_arm_addsubsf3.o)
                              Core/Src/motor.o (__aeabi_fsub)
c:/st/stm32cubeide_1.5.1/stm32cubeide/plugins/com.st.stm32cube.ide.mcu.externaltools.gnu-tools-for-stm32.7-2018-q2-update.win32_1.5.0.202011040924/tools/bin/../lib/gcc/arm-none-eabi/7.3.1/thumb/v7-m\libgcc.a(_arm_muldivsf3.o)
                              Core/Src/motor.o (__aeabi_fmul)
c:/st/stm32cubeide_1.5.1/stm32cubeide/plugins/com.st.stm32cube.ide.mcu.externaltools.gnu-tools-for-stm32.7-2018-q2-update.win32_1.5.0.202011040924/tools/bin/../lib/gcc/arm-none-eabi/7.3.1/thumb/v7-m\libgcc.a(_arm_cmpsf2.o)
                              Core/Src/qffmath.o (__aeabi_fcmplt)
c:/st/stm32cubeide_1.5.1/stm32cubeide/plugins/com.st.stm32cube.ide.mcu.externaltools.gnu-tools-for-stm32.7-2018-q2-update.win32_1.5.0.202011040924/tools/bin/../lib/gcc/arm-none-eabi/7.3.1/thumb/v7-m\libgcc.a(_arm_fixsfsi.o)
                              Core/Src/qffmath.o (__aeabi_f2iz)
[...]
Memory Configuration

Name             Origin             Length             Attributes
RAM              0x0000000020000000 0x0000000000005000 xrw
FLASH            0x0000000008000000 0x0000000000010000 xr
*default*        0x0000000000000000 0xffffffffffffffff

Linker script and memory map

LOAD c:/st/stm32cubeide_1.5.1/stm32cubeide/plugins/com.st.stm32cube.ide.mcu.externaltools.gnu-tools-for-stm32.7-2018-q2-update.win32_1.5.0.202011040924/tools/bin/../lib/gcc/arm-none-eabi/7.3.1/thumb/v7-m/crti.o
LOAD c:/st/stm32cubeide_1.5.1/stm32cubeide/plugins/com.st.stm32cube.ide.mcu.externaltools.gnu-tools-for-stm32.7-2018-q2-update.win32_1.5.0.202011040924/tools/bin/../lib/gcc/arm-none-eabi/7.3.1/thumb/v7-m/crtbegin.o
LOAD c:/st/stm32cubeide_1.5.1/stm32cubeide/plugins/com.st.stm32cube.ide.mcu.externaltools.gnu-tools-for-stm32.7-2018-q2-update.win32_1.5.0.202011040924/tools/bin/../lib/gcc/arm-none-eabi/7.3.1/../../../../arm-none-eabi/lib/thumb/v7-m/crt0.o
LOAD Core/Src/fuzzy_fis.o
LOAD Core/Src/main.o
LOAD Core/Src/motor.o
LOAD Core/Src/qffmath.o
LOAD Core/Src/qfis.o
LOAD Core/Src/qfmathex.o
LOAD Core/Src/stm32f1xx_hal_msp.o
LOAD Core/Src/stm32f1xx_it.o
LOAD Core/Src/syscalls.o
LOAD Core/Src/sysmem.o
LOAD Core/Src/system_stm32f1xx.o
LOAD Core/Startup/startup_stm32f103c8tx.o
LOAD Drivers/STM32F1xx_HAL_Driver/Src/stm32f1xx_hal.o
LOAD Drivers/STM32F1xx_HAL_Driver/Src/stm32f1xx_hal_cortex.o
LOAD Drivers/STM32F1xx_HAL_Driver/Src/stm32f1xx_hal_dma.o
LOAD Drivers/STM32F1xx_HAL_Driver/Src/stm32f1xx_hal_exti.o
LOAD Drivers/STM32F1xx_HAL_Driver/Src/stm32f1xx_hal_flash.o
LOAD Drivers/STM32F1xx_HAL_Driver/Src/stm32f1xx_hal_flash_ex.o
LOAD Drivers/STM32F1xx_HAL_Driver/Src/stm32f1xx_hal_gpio.o
LOAD Drivers/STM32F1xx_HAL_Driver/Src/stm32f1xx_hal_gpio_ex.o
LOAD Drivers/STM32F1xx_HAL_Driver/Src/stm32f1xx_hal_pwr.o
LOAD Drivers/STM32F1xx_HAL_Driver/Src/stm32f1xx_hal_rcc.o
LOAD Drivers/STM32F1xx_HAL_Driver/Src/stm32f1xx_hal_rcc_ex.o
LOAD Drivers/STM32F1xx_HAL_Driver/Src/stm32f1xx_hal_tim.o
LOAD Drivers/STM32F1xx_HAL_Driver/Src/stm32f1xx_hal_tim_ex.o
LOAD Drivers/STM32F1xx_HAL_Driver/Src/stm32f1xx_hal_uart.o
START GROUP
LOAD c:/st/stm32cubeide_1.5.1/stm32cubeide/plugins/com.st.stm32cube.ide.mcu.externaltools.gnu-tools-for-stm32.7-2018-q2-update.win32_1.5.0.202011040924/tools/bin/../lib/gcc/arm-none-eabi/7.3.1/../../../../arm-none-eabi/lib/thumb/v7-m\libc_nano.a
LOAD c:/st/stm32cubeide_1.5.1/stm32cubeide/plugins/com.st.stm32cube.ide.mcu.externaltools.gnu-tools-for-stm32.7-2018-q2-update.win32_1.5.0.202011040924/tools/bin/../lib/gcc/arm-none-eabi/7.3.1/../../../../arm-none-eabi/lib/thumb/v7-m\libm.a
END GROUP
START GROUP
LOAD c:/st/stm32cubeide_1.5.1/stm32cubeide/plugins/com.st.stm32cube.ide.mcu.externaltools.gnu-tools-for-stm32.7-2018-q2-update.win32_1.5.0.202011040924/tools/bin/../lib/gcc/arm-none-eabi/7.3.1/thumb/v7-m\libgcc.a
LOAD c:/st/stm32cubeide_1.5.1/stm32cubeide/plugins/com.st.stm32cube.ide.mcu.externaltools.gnu-tools-for-stm32.7-2018-q2-update.win32_1.5.0.202011040924/tools/bin/../lib/gcc/arm-none-eabi/7.3.1/../../../../arm-none-eabi/lib/thumb/v7-m\libc_nano.a
END GROUP
START GROUP
LOAD c:/st/stm32cubeide_1.5.1/stm32cubeide/plugins/com.st.stm32cube.ide.mcu.externaltools.gnu-tools-for-stm32.7-2018-q2-update.win32_1.5.0.202011040924/tools/bin/../lib/gcc/arm-none-eabi/7.3.1/thumb/v7-m\libgcc.a
LOAD c:/st/stm32cubeide_1.5.1/stm32cubeide/plugins/com.st.stm32cube.ide.mcu.externaltools.gnu-tools-for-stm32.7-2018-q2-update.win32_1.5.0.202011040924/tools/bin/../lib/gcc/arm-none-eabi/7.3.1/../../../../arm-none-eabi/lib/thumb/v7-m\libc_nano.a
LOAD c:/st/stm32cubeide_1.5.1/stm32cubeide/plugins/com.st.stm32cube.ide.mcu.externaltools.gnu-tools-for-stm32.7-2018-q2-update.win32_1.5.0.202011040924/tools/bin/../lib/gcc/arm-none-eabi/7.3.1/../../../../arm-none-eabi/lib/thumb/v7-m\libnosys.a
END GROUP
START GROUP
LOAD c:/st/stm32cubeide_1.5.1/stm32cubeide/plugins/com.st.stm32cube.ide.mcu.externaltools.gnu-tools-for-stm32.7-2018-q2-update.win32_1.5.0.202011040924/tools/bin/../lib/gcc/arm-none-eabi/7.3.1/thumb/v7-m\libgcc.a
LOAD c:/st/stm32cubeide_1.5.1/stm32cubeide/plugins/com.st.stm32cube.ide.mcu.externaltools.gnu-tools-for-stm32.7-2018-q2-update.win32_1.5.0.202011040924/tools/bin/../lib/gcc/arm-none-eabi/7.3.1/../../../../arm-none-eabi/lib/thumb/v7-m\libc_nano.a
LOAD c:/st/stm32cubeide_1.5.1/stm32cubeide/plugins/com.st.stm32cube.ide.mcu.externaltools.gnu-tools-for-stm32.7-2018-q2-update.win32_1.5.0.202011040924/tools/bin/../lib/gcc/arm-none-eabi/7.3.1/../../../../arm-none-eabi/lib/thumb/v7-m\libnosys.a
END GROUP
LOAD c:/st/stm32cubeide_1.5.1/stm32cubeide/plugins/com.st.stm32cube.ide.mcu.externaltools.gnu-tools-for-stm32.7-2018-q2-update.win32_1.5.0.202011040924/tools/bin/../lib/gcc/arm-none-eabi/7.3.1/thumb/v7-m/crtend.o
LOAD c:/st/stm32cubeide_1.5.1/stm32cubeide/plugins/com.st.stm32cube.ide.mcu.externaltools.gnu-tools-for-stm32.7-2018-q2-update.win32_1.5.0.202011040924/tools/bin/../lib/gcc/arm-none-eabi/7.3.1/thumb/v7-m/crtn.o
                0x0000000020005000                _estack = (ORIGIN (RAM) + LENGTH (RAM))
                0x0000000000000200                _Min_Heap_Size = 0x200
                0x0000000000000400                _Min_Stack_Size = 0x400

.isr_vector     0x0000000008000000      0x10c
                0x0000000008000000                . = ALIGN (0x4)
 *(.isr_vector)
 .isr_vector    0x0000000008000000      0x10c Core/Startup/startup_stm32f103c8tx.o
                0x0000000008000000                g_pfnVectors
                0x000000000800010c                . = ALIGN (0x4)

.text           0x0000000008000110     0x5d6c
                0x0000000008000110                . = ALIGN (0x4)
 *(.text)
 .text          0x0000000008000110       0x40 c:/st/stm32cubeide_1.5.1/stm32cubeide/plugins/com.st.stm32cube.ide.mcu.externaltools.gnu-tools-for-stm32.7-2018-q2-update.win32_1.5.0.202011040924/tools/bin/../lib/gcc/arm-none-eabi/7.3.1/thumb/v7-m/crtbegin.o
 .text          0x0000000008000150      0x378 c:/st/stm32cubeide_1.5.1/stm32cubeide/plugins/com.st.stm32cube.ide.mcu.externaltools.gnu-tools-for-stm32.7-2018-q2-update.win32_1.5.0.202011040924/tools/bin/../lib/gcc/arm-none-eabi/7.3.1/thumb/v7-m\libgcc.a(_arm_addsubdf3.o)
                0x0000000008000150                __aeabi_drsub
                0x0000000008000158                __aeabi_dsub
                0x0000000008000158                __subdf3
                0x000000000800015c                __aeabi_dadd
                0x000000000800015c                __adddf3
                0x00000000080003d4                __floatunsidf
                0x00000000080003d4                __aeabi_ui2d
                0x00000000080003f4                __floatsidf
                0x00000000080003f4                __aeabi_i2d
                0x0000000008000418                __aeabi_f2d
                0x0000000008000418                __extendsfdf2
                0x000000000800045c                __floatundidf
                0x000000000800045c                __aeabi_ul2d
                0x000000000800046c                __floatdidf
                0x000000000800046c                __aeabi_l2d
 .text          0x00000000080004c8      0x424 c:/st/stm32cubeide_1.5.1/stm32cubeide/plugins/com.st.stm32cube.ide.mcu.externaltools.gnu-tools-for-stm32.7-2018-q2-update.win32_1.5.0.202011040924/tools/bin/../lib/gcc/arm-none-eabi/7.3.1/thumb/v7-m\libgcc.a(_arm_muldivdf3.o)
                0x00000000080004c8                __aeabi_dmul
                0x00000000080004c8                __muldf3
                0x000000000800071c                __divdf3
                0x000000000800071c                __aeabi_ddiv
 .text          0x00000000080008ec      0x110 c:/st/stm32cubeide_1.5.1/stm32cubeide/plugins/com.st.stm32cube.ide.mcu.externaltools.gnu-tools-for-stm32.7-2018-q2-update.win32_1.5.0.202011040924/tools/bin/../lib/gcc/arm-none-eabi/7.3.1/thumb/v7-m\libgcc.a(_arm_cmpdf2.o)
                0x00000000080008ec                __gtdf2
                0x00000000080008ec                __gedf2
                0x00000000080008f4                __ltdf2
                0x00000000080008f4                __ledf2
                0x00000000080008fc                __nedf2
                0x00000000080008fc                __eqdf2
                0x00000000080008fc                __cmpdf2
                0x0000000008000978                __aeabi_cdrcmple
                0x0000000008000988                __aeabi_cdcmpeq
                0x0000000008000988                __aeabi_cdcmple
                0x0000000008000998                __aeabi_dcmpeq
                0x00000000080009ac                __aeabi_dcmplt
                0x00000000080009c0                __aeabi_dcmple
                0x00000000080009d4                __aeabi_dcmpge
                0x00000000080009e8                __aeabi_dcmpgt
 .text          0x00000000080009fc       0xa0 c:/st/stm32cubeide_1.5.1/stm32cubeide/plugins/com.st.stm32cube.ide.mcu.externaltools.gnu-tools-for-stm32.7-2018-q2-update.win32_1.5.0.202011040924/tools/bin/../lib/gcc/arm-none-eabi/7.3.1/thumb/v7-m\libgcc.a(_arm_truncdfsf2.o)
                0x00000000080009fc                __truncdfsf2
                0x00000000080009fc                __aeabi_d2f
 .text          0x0000000008000a9c      0x21c c:/st/stm32cubeide_1.5.1/stm32cubeide/plugins/com.st.stm32cube.ide.mcu.externaltools.gnu-tools-for-stm32.7-2018-q2-update.win32_1.5.0.202011040924/tools/bin/../lib/gcc/arm-none-eabi/7.3.1/thumb/v7-m\libgcc.a(_arm_addsubsf3.o)
                0x0000000008000a9c                __aeabi_frsub
                0x0000000008000aa4                __subsf3
                0x0000000008000aa4                __aeabi_fsub
                0x0000000008000aa8                __aeabi_fadd
                0x0000000008000aa8                __addsf3
                0x0000000008000c08                __aeabi_ui2f
                0x0000000008000c08                __floatunsisf
                0x0000000008000c10                __aeabi_i2f
                0x0000000008000c10                __floatsisf
                0x0000000008000c2c                __aeabi_ul2f
                0x0000000008000c2c                __floatundisf
                0x0000000008000c3c                __aeabi_l2f
                0x0000000008000c3c                __floatdisf
 .text          0x0000000008000cb8      0x2a0 c:/st/stm32cubeide_1.5.1/stm32cubeide/plugins/com.st.stm32cube.ide.mcu.externaltools.gnu-tools-for-stm32.7-2018-q2-update.win32_1.5.0.202011040924/tools/bin/../lib/gcc/arm-none-eabi/7.3.1/thumb/v7-m\libgcc.a(_arm_muldivsf3.o)
                0x0000000008000cb8                __mulsf3
                0x0000000008000cb8                __aeabi_fmul
                0x0000000008000e20                __aeabi_fdiv
                0x0000000008000e20                __divsf3
 .text          0x0000000008000f58       0xec c:/st/stm32cubeide_1.5.1/stm32cubeide/plugins/com.st.stm32cube.ide.mcu.externaltools.gnu-tools-for-stm32.7-2018-q2-update.win32_1.5.0.202011040924/tools/bin/../lib/gcc/arm-none-eabi/7.3.1/thumb/v7-m\libgcc.a(_arm_cmpsf2.o)
                0x0000000008000f58                __gesf2
                0x0000000008000f58                __gtsf2
                0x0000000008000f60                __lesf2
                0x0000000008000f60                __ltsf2
                0x0000000008000f68                __nesf2
                0x0000000008000f68                __eqsf2
                0x0000000008000f68                __cmpsf2
                0x0000000008000fc8                __aeabi_cfrcmple
                0x0000000008000fd0                __aeabi_cfcmpeq
                0x0000000008000fd0                __aeabi_cfcmple
                0x0000000008000fe0                __aeabi_fcmpeq
                0x0000000008000ff4                __aeabi_fcmplt
                0x0000000008001008                __aeabi_fcmple
                0x000000000800101c                __aeabi_fcmpge
                0x0000000008001030                __aeabi_fcmpgt
 .text          0x0000000008001044       0x40 c:/st/stm32cubeide_1.5.1/stm32cubeide/plugins/com.st.stm32cube.ide.mcu.externaltools.gnu-tools-for-stm32.7-2018-q2-update.win32_1.5.0.202011040924/tools/bin/../lib/gcc/arm-none-eabi/7.3.1/thumb/v7-m\libgcc.a(_arm_fixunssfsi.o)
                0x0000000008001044                __fixunssfsi
                0x0000000008001044                __aeabi_f2uiz
 *(.text*)
 .text.fuzzy_init
                0x0000000008001084      0x2a4 Core/Src/fuzzy_fis.o
                0x0000000008001084                fuzzy_init
 .text.fuzzy_run
                0x0000000008001328       0x64 Core/Src/fuzzy_fis.o
                0x0000000008001328                fuzzy_run
 .text.main     0x000000000800138c       0x60 Core/Src/main.o
                0x000000000800138c                main
 .text.SystemClock_Config
                0x00000000080013ec       0x82 Core/Src/main.o
                0x00000000080013ec                SystemClock_Config
 *fill*         0x000000000800146e        0x2 
 .text.MX_TIM1_Init
                0x0000000008001470      0x108 Core/Src/main.o
 .text.MX_TIM2_Init
                0x0000000008001578       0xa8 Core/Src/main.o
 .text.MX_TIM3_Init
                0x0000000008001620       0xb4 Core/Src/main.o
 .text.MX_TIM4_Init
                0x00000000080016d4       0x9c Core/Src/main.o
 .text.MX_USART3_UART_Init
                0x0000000008001770       0x54 Core/Src/main.o
 .text.MX_GPIO_Init
                0x00000000080017c4       0xa8 Core/Src/main.o
 .text.Error_Handler
                0x000000000800186c        0x8 Core/Src/main.o
                0x000000000800186c                Error_Handler
 .text.Set_duty
                0x0000000008001874       0x70 Core/Src/motor.o
 .text.Forward  0x00000000080018e4       0x30 Core/Src/motor.o
                0x00000000080018e4                Forward
 .text.Reverse  0x0000000008001914       0x30 Core/Src/motor.o
                0x0000000008001914                Reverse
 *fill*         0x0000000008001944        0x4 
 .text.Read_enc
                0x0000000008001948       0x84 Core/Src/motor.o
                0x0000000008001948                Read_enc
 *fill*         0x00000000080019cc        0x4 
 .text.Controller
                0x00000000080019d0      0x124 Core/Src/motor.o
                0x00000000080019d0                Controller
 .text.Init_parameter
                0x0000000008001af4       0x50 Core/Src/motor.o
                0x0000000008001af4                Init_parameter
 .text._qFFMath_GetAbnormal
                0x0000000008001b44       0x40 Core/Src/qffmath.o
                0x0000000008001b44                _qFFMath_GetAbnormal
 .text.qFFMath_FPClassify
                0x0000000008001b84       0x5e Core/Src/qffmath.o
                0x0000000008001b84                qFFMath_FPClassify
 .text.qFFMath_IsNaN
                0x0000000008001be2       0x22 Core/Src/qffmath.o
                0x0000000008001be2                qFFMath_IsNaN
 .text.qFFMath_Abs
                0x0000000008001c04       0x2a Core/Src/qffmath.o
                0x0000000008001c04                qFFMath_Abs
 .text.qFFMath_Sqrt
                0x0000000008001c2e       0x8e Core/Src/qffmath.o
                0x0000000008001c2e                qFFMath_Sqrt
 .text.qFFMath_Sin
                0x0000000008001cbc       0x94 Core/Src/qffmath.o
                0x0000000008001cbc                qFFMath_Sin
 .text.qFFMath_Cos
                0x0000000008001d50       0x28 Core/Src/qffmath.o
                0x0000000008001d50                qFFMath_Cos
 .text.qFFMath_Exp2
                0x0000000008001d78       0xd4 Core/Src/qffmath.o
                0x0000000008001d78                qFFMath_Exp2
 .text.qFFMath_Log2
                0x0000000008001e4c       0xcc Core/Src/qffmath.o
                0x0000000008001e4c                qFFMath_Log2
 .text.qFFMath_Exp
                0x0000000008001f18       0x28 Core/Src/qffmath.o
                0x0000000008001f18                qFFMath_Exp
 .text.qFFMath_Log
                0x0000000008001f40       0x28 Core/Src/qffmath.o
                0x0000000008001f40                qFFMath_Log
 .text.qFFMath_Pow
                0x0000000008001f68       0x2c Core/Src/qffmath.o
                0x0000000008001f68                qFFMath_Pow
 .text.qFIS_SetParameter
                0x0000000008001f94       0xe4 Core/Src/qfis.o
                0x0000000008001f94                qFIS_SetParameter
 .text.qFIS_Setup
                0x0000000008002078      0x1b0 Core/Src/qfis.o
                0x0000000008002078                qFIS_Setup
 .text.qFIS_InputSetup
                0x0000000008002228       0x56 Core/Src/qfis.o
                0x0000000008002228                qFIS_InputSetup
 .text.qFIS_OutputSetup
                0x000000000800227e       0xda Core/Src/qfis.o
                0x000000000800227e                qFIS_OutputSetup
 .text.qFIS_SetInput
                0x0000000008002358       0x40 Core/Src/qfis.o
                0x0000000008002358                qFIS_SetInput
 .text.qFIS_GetOutput
                0x0000000008002398       0x38 Core/Src/qfis.o
                0x0000000008002398                qFIS_GetOutput
 .text.qFIS_SetMF
                0x00000000080023d0       0xd4 Core/Src/qfis.o
                0x00000000080023d0                qFIS_SetMF
 .text.qFIS_EvalInputMFs
                0x00000000080024a4       0x6e Core/Src/qfis.o
 .text.qFIS_TruncateInputs
                0x0000000008002512       0x78 Core/Src/qfis.o
 .text.qFIS_Fuzzify
                0x000000000800258a       0x2c Core/Src/qfis.o
                0x000000000800258a                qFIS_Fuzzify
 .text.qFIS_ParseFuzzValue
                0x00000000080025b6       0x70 Core/Src/qfis.o
 *fill*         0x0000000008002626        0x2 
 .text.qFIS_GetFuzzOperator
                0x0000000008002628       0x4c Core/Src/qfis.o
 .text.qFIS_InferenceAntecedent
                0x0000000008002674       0xe4 Core/Src/qfis.o
 .text.qFIS_InferenceReachEnd
                0x0000000008002758       0xcc Core/Src/qfis.o
 .text.qFIS_AggregationFindConsequent
                0x0000000008002824       0x44 Core/Src/qfis.o
 .text.qFIS_InferenceConsequent
                0x0000000008002868      0x1b8 Core/Src/qfis.o
 .text.qFIS_Aggregate
                0x0000000008002a20       0x7c Core/Src/qfis.o
 .text.qFIS_DeFuzz_Centroid
                0x0000000008002a9c       0x94 Core/Src/qfis.o
 .text.qFIS_DeFuzz_WtAverage
                0x0000000008002b30       0x36 Core/Src/qfis.o
 .text.qFIS_DeFuzzify
                0x0000000008002b66      0x28a Core/Src/qfis.o
                0x0000000008002b66                qFIS_DeFuzzify
 .text.qFIS_Inference
                0x0000000008002df0       0xbc Core/Src/qfis.o
                0x0000000008002df0                qFIS_Inference
 .text.qFIS_GetNextX
                0x0000000008002eac       0x3c Core/Src/qfis.o
 .text.qFIS_TriMF
                0x0000000008002ee8       0x84 Core/Src/qfis.o
 .text.qFIS_TrapMF
                0x0000000008002f6c       0x94 Core/Src/qfis.o
 .text.qFIS_GBellMF
                0x0000000008003000       0x76 Core/Src/qfis.o
 .text.qFIS_GaussMF
                0x0000000008003076       0x5a Core/Src/qfis.o
 .text.qFIS_Gauss2MF
                0x00000000080030d0       0x78 Core/Src/qfis.o
 .text.qFIS_SigMF
                0x0000000008003148       0x60 Core/Src/qfis.o
 .text.qFIS_TSigMF
                0x00000000080031a8       0xc2 Core/Src/qfis.o
 .text.qFIS_DSigMF
                0x000000000800326a       0x42 Core/Src/qfis.o
 .text.qFIS_PSigMF
                0x00000000080032ac       0x42 Core/Src/qfis.o
 .text.qFIS_SMF
                0x00000000080032ee      0x142 Core/Src/qfis.o
 .text.qFIS_TSMF
                0x0000000008003430      0x108 Core/Src/qfis.o
 .text.qFIS_ZMF
                0x0000000008003538      0x142 Core/Src/qfis.o
 .text.qFIS_LinSMF
                0x000000000800367a       0xb6 Core/Src/qfis.o
 .text.qFIS_LinZMF
                0x0000000008003730       0xb6 Core/Src/qfis.o
 .text.qFIS_TZMF
                0x00000000080037e6      0x108 Core/Src/qfis.o
 .text.qFIS_PiMF
                0x00000000080038ee       0x42 Core/Src/qfis.o
 .text.qFIS_SingletonMF
                0x0000000008003930       0x36 Core/Src/qfis.o
 .text.qFIS_ConcaveMF
                0x0000000008003966       0xda Core/Src/qfis.o
 .text.qFIS_TConcaveMF
                0x0000000008003a40       0x64 Core/Src/qfis.o
 .text.qFIS_SpikeMF
                0x0000000008003aa4       0x5c Core/Src/qfis.o
 .text.qFIS_TLinSMF
                0x0000000008003b00       0x44 Core/Src/qfis.o
 .text.qFIS_TLinZMF
                0x0000000008003b44       0x44 Core/Src/qfis.o
 .text.qFIS_RectangleMF
                0x0000000008003b88       0x4c Core/Src/qfis.o
 .text.qFIS_CosineMF
                0x0000000008003bd4       0xf4 Core/Src/qfis.o
 .text.qFIS_ConstantMF
                0x0000000008003cc8       0x1a Core/Src/qfis.o
 .text.qFIS_LinearMF
                0x0000000008003ce2       0x76 Core/Src/qfis.o
 .text.qFIS_Min
                0x0000000008003d58       0x36 Core/Src/qfis.o
 .text.qFIS_Max
                0x0000000008003d8e       0x36 Core/Src/qfis.o
 .text.qFIS_Prod
                0x0000000008003dc4       0x2c Core/Src/qfis.o
 .text.qFIS_ProbOR
                0x0000000008003df0       0x42 Core/Src/qfis.o
 .text.qFIS_Sum
                0x0000000008003e32       0x2c Core/Src/qfis.o
 .text.qFIS_Bound
                0x0000000008003e5e       0x24 Core/Src/qfis.o
 .text.qFMathEx_InRangeCoerce
                0x0000000008003e82       0x6a Core/Src/qfmathex.o
                0x0000000008003e82                qFMathEx_InRangeCoerce
 .text.qFMathEx_AlmostEqual
                0x0000000008003eec       0x46 Core/Src/qfmathex.o
                0x0000000008003eec                qFMathEx_AlmostEqual
 .text.qFMathEx_Equal
                0x0000000008003f32       0x20 Core/Src/qfmathex.o
                0x0000000008003f32                qFMathEx_Equal
 *fill*         0x0000000008003f52        0x2 
 .text.HAL_MspInit
                0x0000000008003f54       0x64 Core/Src/stm32f1xx_hal_msp.o
                0x0000000008003f54                HAL_MspInit
 .text.HAL_TIM_PWM_MspInit
                0x0000000008003fb8       0x64 Core/Src/stm32f1xx_hal_msp.o
                0x0000000008003fb8                HAL_TIM_PWM_MspInit
 .text.HAL_TIM_Encoder_MspInit
                0x000000000800401c       0x78 Core/Src/stm32f1xx_hal_msp.o
                0x000000000800401c                HAL_TIM_Encoder_MspInit
 .text.HAL_TIM_Base_MspInit
                0x0000000008004094       0x3c Core/Src/stm32f1xx_hal_msp.o
                0x0000000008004094                HAL_TIM_Base_MspInit
 .text.HAL_TIM_MspPostInit
                0x00000000080040d0       0xd4 Core/Src/stm32f1xx_hal_msp.o
                0x00000000080040d0                HAL_TIM_MspPostInit
 .text.HAL_UART_MspInit
                0x00000000080041a4       0x98 Core/Src/stm32f1xx_hal_msp.o
                0x00000000080041a4                HAL_UART_MspInit
 .text.NMI_Handler
                0x000000000800423c        0x6 Core/Src/stm32f1xx_it.o
                0x000000000800423c                NMI_Handler
 .text.HardFault_Handler
                0x0000000008004242        0x6 Core/Src/stm32f1xx_it.o
                0x0000000008004242                HardFault_Handler
 .text.MemManage_Handler
                0x0000000008004248        0x6 Core/Src/stm32f1xx_it.o
                0x0000000008004248                MemManage_Handler
 .text.BusFault_Handler
                0x000000000800424e        0x6 Core/Src/stm32f1xx_it.o
                0x000000000800424e                BusFault_Handler
 .text.UsageFault_Handler
                0x0000000008004254        0x6 Core/Src/stm32f1xx_it.o
                0x0000000008004254                UsageFault_Handler
 .text.SVC_Handler
                0x000000000800425a        0xc Core/Src/stm32f1xx_it.o
                0x000000000800425a                SVC_Handler
 .text.DebugMon_Handler
                0x0000000008004266        0xc Core/Src/stm32f1xx_it.o
                0x0000000008004266                DebugMon_Handler
 .text.PendSV_Handler
                0x0000000008004272        0xc Core/Src/stm32f1xx_it.o
                0x0000000008004272                PendSV_Handler
 .text.SysTick_Handler
                0x000000000800427e        0xc Core/Src/stm32f1xx_it.o
                0x000000000800427e                SysTick_Handler
 .text.SystemInit
                0x000000000800428a        0xc Core/Src/system_stm32f1xx.o
                0x000000000800428a                SystemInit
 *fill*         0x0000000008004296        0x2 
 .text.Reset_Handler
                0x0000000008004298       0x48 Core/Startup/startup_stm32f103c8tx.o
                0x0000000008004298                Reset_Handler
 .text.Default_Handler
                0x00000000080042e0        0x2 Core/Startup/startup_stm32f103c8tx.o
                0x00000000080042e0                RTC_Alarm_IRQHandler
                0x00000000080042e0                EXTI2_IRQHandler
                0x00000000080042e0                TIM1_CC_IRQHandler
                0x00000000080042e0                PVD_IRQHandler
                0x00000000080042e0                EXTI3_IRQHandler
                0x00000000080042e0                EXTI0_IRQHandler
                0x00000000080042e0                I2C2_EV_IRQHandler
                0x00000000080042e0                ADC1_2_IRQHandler
                0x00000000080042e0                SPI1_IRQHandler
                0x00000000080042e0                TAMPER_IRQHandler
                0x00000000080042e0                DMA1_Channel4_IRQHandler
                0x00000000080042e0                USART3_IRQHandler
                0x00000000080042e0                RTC_IRQHandler
                0x00000000080042e0                DMA1_Channel7_IRQHandler
                0x00000000080042e0                CAN1_RX1_IRQHandler
                0x00000000080042e0                TIM4_IRQHandler
                0x00000000080042e0                I2C1_EV_IRQHandler
                0x00000000080042e0                DMA1_Channel6_IRQHandler
                0x00000000080042e0                TIM3_IRQHandler
                0x00000000080042e0                RCC_IRQHandler
                0x00000000080042e0                TIM1_TRG_COM_IRQHandler
                0x00000000080042e0                DMA1_Channel1_IRQHandler
                0x00000000080042e0                Default_Handler
                0x00000000080042e0                EXTI15_10_IRQHandler
                0x00000000080042e0                EXTI9_5_IRQHandler
                0x00000000080042e0                SPI2_IRQHandler
                0x00000000080042e0                DMA1_Channel5_IRQHandler
                0x00000000080042e0                EXTI4_IRQHandler
                0x00000000080042e0                USB_LP_CAN1_RX0_IRQHandler
                0x00000000080042e0                USB_HP_CAN1_TX_IRQHandler
                0x00000000080042e0                DMA1_Channel3_IRQHandler
                0x00000000080042e0                TIM1_UP_IRQHandler
                0x00000000080042e0                WWDG_IRQHandler
                0x00000000080042e0                TIM2_IRQHandler
                0x00000000080042e0                TIM1_BRK_IRQHandler
                0x00000000080042e0                EXTI1_IRQHandler
                0x00000000080042e0                USART2_IRQHandler
                0x00000000080042e0                I2C2_ER_IRQHandler
                0x00000000080042e0                DMA1_Channel2_IRQHandler
                0x00000000080042e0                CAN1_SCE_IRQHandler
                0x00000000080042e0                FLASH_IRQHandler
                0x00000000080042e0                USART1_IRQHandler
                0x00000000080042e0                I2C1_ER_IRQHandler
                0x00000000080042e0                USBWakeUp_IRQHandler
 *fill*         0x00000000080042e2        0x2 
 .text.HAL_Init
                0x00000000080042e4       0x2c Drivers/STM32F1xx_HAL_Driver/Src/stm32f1xx_hal.o
                0x00000000080042e4                HAL_Init
 .text.HAL_InitTick
                0x0000000008004310       0x60 Drivers/STM32F1xx_HAL_Driver/Src/stm32f1xx_hal.o
                0x0000000008004310                HAL_InitTick
 .text.HAL_IncTick
                0x0000000008004370       0x24 Drivers/STM32F1xx_HAL_Driver/Src/stm32f1xx_hal.o
                0x0000000008004370                HAL_IncTick
 .text.HAL_GetTick
                0x0000000008004394       0x14 Drivers/STM32F1xx_HAL_Driver/Src/stm32f1xx_hal.o
                0x0000000008004394                HAL_GetTick
 .text.__NVIC_SetPriorityGrouping
                0x00000000080043a8       0x48 Drivers/STM32F1xx_HAL_Driver/Src/stm32f1xx_hal_cortex.o
 .text.__NVIC_GetPriorityGrouping
                0x00000000080043f0       0x1c Drivers/STM32F1xx_HAL_Driver/Src/stm32f1xx_hal_cortex.o
 .text.__NVIC_SetPriority
                0x000000000800440c       0x54 Drivers/STM32F1xx_HAL_Driver/Src/stm32f1xx_hal_cortex.o
 .text.NVIC_EncodePriority
                0x0000000008004460       0x64 Drivers/STM32F1xx_HAL_Driver/Src/stm32f1xx_hal_cortex.o
 .text.SysTick_Config
                0x00000000080044c4       0x44 Drivers/STM32F1xx_HAL_Driver/Src/stm32f1xx_hal_cortex.o
 .text.HAL_NVIC_SetPriorityGrouping
                0x0000000008004508       0x16 Drivers/STM32F1xx_HAL_Driver/Src/stm32f1xx_hal_cortex.o
                0x0000000008004508                HAL_NVIC_SetPriorityGrouping
 .text.HAL_NVIC_SetPriority
                0x000000000800451e       0x38 Drivers/STM32F1xx_HAL_Driver/Src/stm32f1xx_hal_cortex.o
                0x000000000800451e                HAL_NVIC_SetPriority
 .text.HAL_SYSTICK_Config
                0x0000000008004556       0x18 Drivers/STM32F1xx_HAL_Driver/Src/stm32f1xx_hal_cortex.o
                0x0000000008004556                HAL_SYSTICK_Config
 *fill*         0x000000000800456e        0x2 
 .text.HAL_GPIO_Init
                0x0000000008004570      0x2b4 Drivers/STM32F1xx_HAL_Driver/Src/stm32f1xx_hal_gpio.o
                0x0000000008004570                HAL_GPIO_Init
 .text.HAL_GPIO_WritePin
                0x0000000008004824       0x30 Drivers/STM32F1xx_HAL_Driver/Src/stm32f1xx_hal_gpio.o
                0x0000000008004824                HAL_GPIO_WritePin
 .text.HAL_RCC_OscConfig
                0x0000000008004854      0x500 Drivers/STM32F1xx_HAL_Driver/Src/stm32f1xx_hal_rcc.o
                0x0000000008004854                HAL_RCC_OscConfig
 .text.HAL_RCC_ClockConfig
                0x0000000008004d54      0x1d4 Drivers/STM32F1xx_HAL_Driver/Src/stm32f1xx_hal_rcc.o
                0x0000000008004d54                HAL_RCC_ClockConfig
 .text.HAL_RCC_GetSysClockFreq
                0x0000000008004f28       0xc4 Drivers/STM32F1xx_HAL_Driver/Src/stm32f1xx_hal_rcc.o
                0x0000000008004f28                HAL_RCC_GetSysClockFreq
 .text.HAL_RCC_GetHCLKFreq
                0x0000000008004fec       0x14 Drivers/STM32F1xx_HAL_Driver/Src/stm32f1xx_hal_rcc.o
                0x0000000008004fec                HAL_RCC_GetHCLKFreq
 .text.HAL_RCC_GetPCLK1Freq
                0x0000000008005000       0x28 Drivers/STM32F1xx_HAL_Driver/Src/stm32f1xx_hal_rcc.o
                0x0000000008005000                HAL_RCC_GetPCLK1Freq
 .text.HAL_RCC_GetPCLK2Freq
                0x0000000008005028       0x28 Drivers/STM32F1xx_HAL_Driver/Src/stm32f1xx_hal_rcc.o
                0x0000000008005028                HAL_RCC_GetPCLK2Freq
 .text.RCC_Delay
                0x0000000008005050       0x3c Drivers/STM32F1xx_HAL_Driver/Src/stm32f1xx_hal_rcc.o
 .text.HAL_TIM_Base_Init
                0x000000000800508c       0x9e Drivers/STM32F1xx_HAL_Driver/Src/stm32f1xx_hal_tim.o
                0x000000000800508c                HAL_TIM_Base_Init
 .text.HAL_TIM_PWM_Init
                0x000000000800512a       0x9e Drivers/STM32F1xx_HAL_Driver/Src/stm32f1xx_hal_tim.o
                0x000000000800512a                HAL_TIM_PWM_Init
 .text.HAL_TIM_Encoder_Init
                0x00000000080051c8      0x144 Drivers/STM32F1xx_HAL_Driver/Src/stm32f1xx_hal_tim.o
                0x00000000080051c8                HAL_TIM_Encoder_Init
 .text.HAL_TIM_PWM_ConfigChannel
                0x000000000800530c      0x17c Drivers/STM32F1xx_HAL_Driver/Src/stm32f1xx_hal_tim.o
                0x000000000800530c                HAL_TIM_PWM_ConfigChannel
 .text.HAL_TIM_ConfigClockSource
                0x0000000008005488      0x16e Drivers/STM32F1xx_HAL_Driver/Src/stm32f1xx_hal_tim.o
                0x0000000008005488                HAL_TIM_ConfigClockSource
 *fill*         0x00000000080055f6        0x2 
 .text.TIM_Base_SetConfig
                0x00000000080055f8       0xc4 Drivers/STM32F1xx_HAL_Driver/Src/stm32f1xx_hal_tim.o
                0x00000000080055f8                TIM_Base_SetConfig
 .text.TIM_OC1_SetConfig
                0x00000000080056bc       0xcc Drivers/STM32F1xx_HAL_Driver/Src/stm32f1xx_hal_tim.o
 .text.TIM_OC2_SetConfig
                0x0000000008005788       0xd4 Drivers/STM32F1xx_HAL_Driver/Src/stm32f1xx_hal_tim.o
                0x0000000008005788                TIM_OC2_SetConfig
 .text.TIM_OC3_SetConfig
                0x000000000800585c       0xd4 Drivers/STM32F1xx_HAL_Driver/Src/stm32f1xx_hal_tim.o
 .text.TIM_OC4_SetConfig
                0x0000000008005930       0x9c Drivers/STM32F1xx_HAL_Driver/Src/stm32f1xx_hal_tim.o
 .text.TIM_TI1_ConfigInputStage
                0x00000000080059cc       0x5c Drivers/STM32F1xx_HAL_Driver/Src/stm32f1xx_hal_tim.o
 .text.TIM_TI2_ConfigInputStage
                0x0000000008005a28       0x5e Drivers/STM32F1xx_HAL_Driver/Src/stm32f1xx_hal_tim.o
 .text.TIM_ITRx_SetConfig
                0x0000000008005a86       0x34 Drivers/STM32F1xx_HAL_Driver/Src/stm32f1xx_hal_tim.o
 .text.TIM_ETR_SetConfig
                0x0000000008005aba       0x3e Drivers/STM32F1xx_HAL_Driver/Src/stm32f1xx_hal_tim.o
                0x0000000008005aba                TIM_ETR_SetConfig
 .text.HAL_TIMEx_MasterConfigSynchronization
                0x0000000008005af8       0xbc Drivers/STM32F1xx_HAL_Driver/Src/stm32f1xx_hal_tim_ex.o
                0x0000000008005af8                HAL_TIMEx_MasterConfigSynchronization
 .text.HAL_TIMEx_ConfigBreakDeadTime
                0x0000000008005bb4       0xa2 Drivers/STM32F1xx_HAL_Driver/Src/stm32f1xx_hal_tim_ex.o
                0x0000000008005bb4                HAL_TIMEx_ConfigBreakDeadTime
 .text.HAL_UART_Init
                0x0000000008005c56       0x9a Drivers/STM32F1xx_HAL_Driver/Src/stm32f1xx_hal_uart.o
                0x0000000008005c56                HAL_UART_Init
 .text.UART_SetConfig
                0x0000000008005cf0      0x11c Drivers/STM32F1xx_HAL_Driver/Src/stm32f1xx_hal_uart.o
 .text.__libc_init_array
                0x0000000008005e0c       0x48 c:/st/stm32cubeide_1.5.1/stm32cubeide/plugins/com.st.stm32cube.ide.mcu.externaltools.gnu-tools-for-stm32.7-2018-q2-update.win32_1.5.0.202011040924/tools/bin/../lib/gcc/arm-none-eabi/7.3.1/../../../../arm-none-eabi/lib/thumb/v7-m\libc_nano.a(lib_a-init.o)
                0x0000000008005e0c                __libc_init_array
 .text.memset   0x0000000008005e54       0x10 c:/st/stm32cubeide_1.5.1/stm32cubeide/plugins/com.st.stm32cube.ide.mcu.externaltools.gnu-tools-for-stm32.7-2018-q2-update.win32_1.5.0.202011040924/tools/bin/../lib/gcc/arm-none-eabi/7.3.1/../../../../arm-none-eabi/lib/thumb/v7-m\libc_nano.a(lib_a-memset.o)
                0x0000000008005e54                memset
 *(.glue_7)
 .glue_7        0x0000000008005e64        0x0 linker stubs
 *(.glue_7t)
 .glue_7t       0x0000000008005e64        0x0 linker stubs
 *(.eh_frame)
 .eh_frame      0x0000000008005e64        0x0 c:/st/stm32cubeide_1.5.1/stm32cubeide/plugins/com.st.stm32cube.ide.mcu.externaltools.gnu-tools-for-stm32.7-2018-q2-update.win32_1.5.0.202011040924/tools/bin/../lib/gcc/arm-none-eabi/7.3.1/thumb/v7-m/crtbegin.o
 *(.init)
 .init          0x0000000008005e64        0x4 c:/st/stm32cubeide_1.5.1/stm32cubeide/plugins/com.st.stm32cube.ide.mcu.externaltools.gnu-tools-for-stm32.7-2018-q2-update.win32_1.5.0.202011040924/tools/bin/../lib/gcc/arm-none-eabi/7.3.1/thumb/v7-m/crti.o
                0x0000000008005e64                _init
 .init          0x0000000008005e68        0x8 c:/st/stm32cubeide_1.5.1/stm32cubeide/plugins/com.st.stm32cube.ide.mcu.externaltools.gnu-tools-for-stm32.7-2018-q2-update.win32_1.5.0.202011040924/tools/bin/../lib/gcc/arm-none-eabi/7.3.1/thumb/v7-m/crtn.o
 *(.fini)
 .fini          0x0000000008005e70        0x4 c:/st/stm32cubeide_1.5.1/stm32cubeide/plugins/com.st.stm32cube.ide.mcu.externaltools.gnu-tools-for-stm32.7-2018-q2-update.win32_1.5.0.202011040924/tools/bin/../lib/gcc/arm-none-eabi/7.3.1/thumb/v7-m/crti.o
                0x0000000008005e70                _fini
 .fini          0x0000000008005e74        0x8 c:/st/stm32cubeide_1.5.1/stm32cubeide/plugins/com.st.stm32cube.ide.mcu.externaltools.gnu-tools-for-stm32.7-2018-q2-update.win32_1.5.0.202011040924/tools/bin/../lib/gcc/arm-none-eabi/7.3.1/thumb/v7-m/crtn.o
                0x0000000008005e7c                . = ALIGN (0x4)
                0x0000000008005e7c                _etext = .

.vfp11_veneer   0x0000000008005e7c        0x0
 .vfp11_veneer  0x0000000008005e7c        0x0 linker stubs

.v4_bx          0x0000000008005e7c        0x0
 .v4_bx         0x0000000008005e7c        0x0 linker stubs

.iplt           0x0000000008005e7c        0x0
 .iplt          0x0000000008005e7c        0x0 c:/st/stm32cubeide_1.5.1/stm32cubeide/plugins/com.st.stm32cube.ide.mcu.externaltools.gnu-tools-for-stm32.7-2018-q2-update.win32_1.5.0.202011040924/tools/bin/../lib/gcc/arm-none-eabi/7.3.1/thumb/v7-m/crtbegin.o

.rodata         0x0000000008005e7c      0x2dc
                0x0000000008005e7c                . = ALIGN (0x4)
 *(.rodata)
 .rodata        0x0000000008005e7c       0x12 Drivers/STM32F1xx_HAL_Driver/Src/stm32f1xx_hal_rcc.o
 *(.rodata*)
 *fill*         0x0000000008005e8e        0x2 
 .rodata.rules  0x0000000008005e90      0x194 Core/Src/fuzzy_fis.o
 .rodata.e_NB_p
                0x0000000008006024        0xc Core/Src/fuzzy_fis.o
 .rodata.e_NS_p
                0x0000000008006030        0xc Core/Src/fuzzy_fis.o
 .rodata.e_ZE_p
                0x000000000800603c        0xc Core/Src/fuzzy_fis.o
 .rodata.e_PS_p
                0x0000000008006048        0xc Core/Src/fuzzy_fis.o
 .rodata.e_PB_p
                0x0000000008006054        0xc Core/Src/fuzzy_fis.o
 .rodata.edot_NB_p
                0x0000000008006060        0xc Core/Src/fuzzy_fis.o
 .rodata.edot_NS_p
                0x000000000800606c        0xc Core/Src/fuzzy_fis.o
 .rodata.edot_ZE_p
                0x0000000008006078        0xc Core/Src/fuzzy_fis.o
 .rodata.edot_PS_p
                0x0000000008006084        0xc Core/Src/fuzzy_fis.o
 .rodata.edot_PB_p
                0x0000000008006090        0xc Core/Src/fuzzy_fis.o
 .rodata.u_NB_p
                0x000000000800609c        0x4 Core/Src/fuzzy_fis.o
 .rodata.u_NM_p
                0x00000000080060a0        0x4 Core/Src/fuzzy_fis.o
 .rodata.u_NS_p
                0x00000000080060a4        0x4 Core/Src/fuzzy_fis.o
 .rodata.u_ZE_p
                0x00000000080060a8        0x4 Core/Src/fuzzy_fis.o
 .rodata.u_PS_p
                0x00000000080060ac        0x4 Core/Src/fuzzy_fis.o
 .rodata.u_PM_p
                0x00000000080060b0        0x4 Core/Src/fuzzy_fis.o
 .rodata.u_PB_p
                0x00000000080060b4        0x4 Core/Src/fuzzy_fis.o
 .rodata.u_ab.4651
                0x00000000080060b8        0x8 Core/Src/qffmath.o
 .rodata.method.5267
                0x00000000080060c0       0x14 Core/Src/qfis.o
 .rodata.fShape.5336
                0x00000000080060d4       0x6c Core/Src/qfis.o
 .rodata.AHBPrescTable
                0x0000000008006140       0x10 Core/Src/system_stm32f1xx.o
                0x0000000008006140                AHBPrescTable
 .rodata.APBPrescTable
                0x0000000008006150        0x8 Core/Src/system_stm32f1xx.o
                0x0000000008006150                APBPrescTable
                0x0000000008006158                . = ALIGN (0x4)

.rel.dyn        0x0000000008006158        0x0
 .rel.iplt      0x0000000008006158        0x0 c:/st/stm32cubeide_1.5.1/stm32cubeide/plugins/com.st.stm32cube.ide.mcu.externaltools.gnu-tools-for-stm32.7-2018-q2-update.win32_1.5.0.202011040924/tools/bin/../lib/gcc/arm-none-eabi/7.3.1/thumb/v7-m/crtbegin.o

.ARM.extab      0x0000000008006158        0x0
                0x0000000008006158                . = ALIGN (0x4)
 *(.ARM.extab* .gnu.linkonce.armextab.*)
                0x0000000008006158                . = ALIGN (0x4)

.ARM            0x0000000008006158        0x0
                0x0000000008006158                . = ALIGN (0x4)
                0x0000000008006158                __exidx_start = .
 *(.ARM.exidx*)
                0x0000000008006158                __exidx_end = .
                0x0000000008006158                . = ALIGN (0x4)

.preinit_array  0x0000000008006158        0x0
                0x0000000008006158                . = ALIGN (0x4)
                0x0000000008006158                PROVIDE (__preinit_array_start = .)
 *(.preinit_array*)
                0x0000000008006158                PROVIDE (__preinit_array_end = .)
                0x0000000008006158                . = ALIGN (0x4)

.init_array     0x0000000008006158        0x4
                0x0000000008006158                . = ALIGN (0x4)
                0x0000000008006158                PROVIDE (__init_array_start = .)
 *(SORT_BY_NAME(.init_array.*))
 *(.init_array*)
 .init_array    0x0000000008006158        0x4 c:/st/stm32cubeide_1.5.1/stm32cubeide/plugins/com.st.stm32cube.ide.mcu.externaltools.gnu-tools-for-stm32.7-2018-q2-update.win32_1.5.0.202011040924/tools/bin/../lib/gcc/arm-none-eabi/7.3.1/thumb/v7-m/crtbegin.o
                0x000000000800615c                PROVIDE (__init_array_end = .)
                0x000000000800615c                . = ALIGN (0x4)

.fini_array     0x000000000800615c        0x4
                0x000000000800615c                . = ALIGN (0x4)
                [!provide]                        PROVIDE (__fini_array_start = .)
 *(SORT_BY_NAME(.fini_array.*))
 *(.fini_array*)
 .fini_array    0x000000000800615c        0x4 c:/st/stm32cubeide_1.5.1/stm32cubeide/plugins/com.st.stm32cube.ide.mcu.externaltools.gnu-tools-for-stm32.7-2018-q2-update.win32_1.5.0.202011040924/tools/bin/../lib/gcc/arm-none-eabi/7.3.1/thumb/v7-m/crtbegin.o
                [!provide]                        PROVIDE (__fini_array_end = .)
                0x0000000008006160                . = ALIGN (0x4)
                0x0000000008006160                _sidata = LOADADDR (.data)

.data           0x0000000020000000       0x10 load address 0x0000000008006160
                0x0000000020000000                . = ALIGN (0x4)
                0x0000000020000000                _sdata = .
 *(.data)
 *(.data*)
 .data.init.4653
                0x0000000020000000        0x1 Core/Src/qffmath.o
 *fill*         0x0000000020000001        0x3 
 .data.SystemCoreClock
                0x0000000020000004        0x4 Core/Src/system_stm32f1xx.o
                0x0000000020000004                SystemCoreClock
 .data.uwTickPrio
                0x0000000020000008        0x4 Drivers/STM32F1xx_HAL_Driver/Src/stm32f1xx_hal.o
                0x0000000020000008                uwTickPrio
 .data.uwTickFreq
                0x000000002000000c        0x1 Drivers/STM32F1xx_HAL_Driver/Src/stm32f1xx_hal.o
                0x000000002000000c                uwTickFreq
 *(.RamFunc)
 *(.RamFunc*)
                0x0000000020000010                . = ALIGN (0x4)
 *fill*         0x000000002000000d        0x3 
                0x0000000020000010                _edata = .

.igot.plt       0x0000000020000010        0x0 load address 0x0000000008006170
 .igot.plt      0x0000000020000010        0x0 c:/st/stm32cubeide_1.5.1/stm32cubeide/plugins/com.st.stm32cube.ide.mcu.externaltools.gnu-tools-for-stm32.7-2018-q2-update.win32_1.5.0.202011040924/tools/bin/../lib/gcc/arm-none-eabi/7.3.1/thumb/v7-m/crtbegin.o
                0x0000000020000010                . = ALIGN (0x4)

.bss            0x0000000020000010      0x41c load address 0x0000000008006170
                0x0000000020000010                _sbss = .
                0x0000000020000010                __bss_start__ = _sbss
 *(.bss)
 .bss           0x0000000020000010       0x1c c:/st/stm32cubeide_1.5.1/stm32cubeide/plugins/com.st.stm32cube.ide.mcu.externaltools.gnu-tools-for-stm32.7-2018-q2-update.win32_1.5.0.202011040924/tools/bin/../lib/gcc/arm-none-eabi/7.3.1/thumb/v7-m/crtbegin.o
 *(.bss*)
 .bss.fuzzy     0x000000002000002c       0x60 Core/Src/fuzzy_fis.o
 .bss.fuzzy_inputs
                0x000000002000008c       0x18 Core/Src/fuzzy_fis.o
 .bss.fuzzy_outputs
                0x00000000200000a4       0x34 Core/Src/fuzzy_fis.o
 .bss.MFin      0x00000000200000d8       0xc8 Core/Src/fuzzy_fis.o
 .bss.MFout     0x00000000200001a0       0x8c Core/Src/fuzzy_fis.o
 .bss.rStrength
                0x000000002000022c       0x64 Core/Src/fuzzy_fis.o
                0x000000002000022c                rStrength
 .bss.u8_flag_10ms
                0x0000000020000290        0x1 Core/Src/main.o
                0x0000000020000290                u8_flag_10ms
 *fill*         0x0000000020000291        0x3 
 .bss.f_ab.4652
                0x0000000020000294        0x8 Core/Src/qffmath.o
 *(COMMON)
 COMMON         0x000000002000029c      0x18c Core/Src/main.o
                0x000000002000029c                htim4
                0x00000000200002e4                huart3
                0x0000000020000328                htim3
                0x0000000020000370                t_parameter_controller
                0x0000000020000398                htim1
                0x00000000200003e0                htim2
 COMMON         0x0000000020000428        0x4 Drivers/STM32F1xx_HAL_Driver/Src/stm32f1xx_hal.o
                0x0000000020000428                uwTick
                0x000000002000042c                . = ALIGN (0x4)
                0x000000002000042c                _ebss = .
                0x000000002000042c                __bss_end__ = _ebss

._user_heap_stack
                0x000000002000042c      0x604 load address 0x0000000008006170
                0x0000000020000430                . = ALIGN (0x8)
 *fill*         0x000000002000042c        0x4 
                [!provide]                        PROVIDE (end = .)
                0x0000000020000430                PROVIDE (_end = .)
                0x0000000020000630                . = (. + _Min_Heap_Size)
 *fill*         0x0000000020000430      0x200 
                0x0000000020000a30                . = (. + _Min_Stack_Size)
 *fill*         0x0000000020000630      0x400 
                0x0000000020000a30                . = ALIGN (0x8)

/DISCARD/
 libc.a(*)
 libm.a(*)
 libgcc.a(*)

.ARM.attributes
                0x0000000000000000       0x29
 *(.ARM.attributes)
 .ARM.attributes
                0x0000000000000000       0x1d c:/st/stm32cubeide_1.5.1/stm32cubeide/plugins/com.st.stm32cube.ide.mcu.externaltools.gnu-tools-for-stm32.7-2018-q2-update.win32_1.5.0.202011040924/tools/bin/../lib/gcc/arm-none-eabi/7.3.1/thumb/v7-m/crti.o
 .ARM.attributes
                0x000000000000001d       0x2d c:/st/stm32cubeide_1.5.1/stm32cubeide/plugins/com.st.stm32cube.ide.mcu.externaltools.gnu-tools-for-stm32.7-2018-q2-update.win32_1.5.0.202011040924/tools/bin/../lib/gcc/arm-none-eabi/7.3.1/thumb/v7-m/crtbegin.o
 .ARM.attributes
                0x000000000000004a       0x33 Core/Src/fuzzy_fis.o
 .ARM.attributes
                0x000000000000007d       0x33 Core/Src/main.o
 .ARM.attributes
                0x00000000000000b0       0x33 Core/Src/motor.o
 .ARM.attributes
                0x00000000000000e3       0x33 Core/Src/qffmath.o
 .ARM.attributes
                0x0000000000000116       0x33 Core/Src/qfis.o
 .ARM.attributes
                0x0000000000000149       0x33 Core/Src/qfmathex.o
 .ARM.attributes
                0x000000000000017c       0x33 Core/Src/stm32f1xx_hal_msp.o
 .ARM.attributes
                0x00000000000001af       0x33 Core/Src/stm32f1xx_it.o
 .ARM.attributes
                0x00000000000001e2       0x33 Core/Src/system_stm32f1xx.o
 .ARM.attributes
                0x0000000000000215       0x21 Core/Startup/startup_stm32f103c8tx.o
 .ARM.attributes
                0x0000000000000236       0x33 Drivers/STM32F1xx_HAL_Driver/Src/stm32f1xx_hal.o
 .ARM.attributes
                0x0000000000000269       0x33 Drivers/STM32F1xx_HAL_Driver/Src/stm32f1xx_hal_cortex.o
 .ARM.attributes
                0x000000000000029c       0x33 Drivers/STM32F1xx_HAL_Driver/Src/stm32f1xx_hal_gpio.o
 .ARM.attributes
                0x00000000000002cf       0x33 Drivers/STM32F1xx_HAL_Driver/Src/stm32f1xx_hal_rcc.o
 .ARM.attributes
                0x0000000000000302       0x33 Drivers/STM32F1xx_HAL_Driver/Src/stm32f1xx_hal_tim.o
 .ARM.attributes
                0x0000000000000335       0x33 Drivers/STM32F1xx_HAL_Driver/Src/stm32f1xx_hal_tim_ex.o
 .ARM.attributes
                0x0000000000000368       0x33 Drivers/STM32F1xx_HAL_Driver/Src/stm32f1xx_hal_uart.o
 .ARM.attributes
                0x000000000000039b       0x2d c:/st/stm32cubeide_1.5.1/stm32cubeide/plugins/com.st.stm32cube.ide.mcu.externaltools.gnu-tools-for-stm32.7-2018-q2-update.win32_1.5.0.202011040924/tools/bin/../lib/gcc/arm-none-eabi/7.3.1/../../../../arm-none-eabi/lib/thumb/v7-m\libc_nano.a(lib_a-init.o)
 .ARM.attributes
                0x00000000000003c8       0x2d c:/st/stm32cubeide_1.5.1/stm32cubeide/plugins/com.st.stm32cube.ide.mcu.externaltools.gnu-tools-for-stm32.7-2018-q2-update.win32_1.5.0.202011040924/tools/bin/../lib/gcc/arm-none-eabi/7.3.1/../../../../arm-none-eabi/lib/thumb/v7-m\libc_nano.a(lib_a-memset.o)
 .ARM.attributes
                0x00000000000003f5       0x1d c:/st/stm32cubeide_1.5.1/stm32cubeide/plugins/com.st.stm32cube.ide.mcu.externaltools.gnu-tools-for-stm32.7-2018-q2-update.win32_1.5.0.202011040924/tools/bin/../lib/gcc/arm-none-eabi/7.3.1/thumb/v7-m\libgcc.a(_arm_addsubdf3.o)
 .ARM.attributes
                0x0000000000000412       0x1d c:/st/stm32cubeide_1.5.1/stm32cubeide/plugins/com.st.stm32cube.ide.mcu.externaltools.gnu-tools-for-stm32.7-2018-q2-update.win32_1.5.0.202011040924/tools/bin/../lib/gcc/arm-none-eabi/7.3.1/thumb/v7-m\libgcc.a(_arm_muldivdf3.o)
 .ARM.attributes
                0x000000000000042f       0x1d c:/st/stm32cubeide_1.5.1/stm32cubeide/plugins/com.st.stm32cube.ide.mcu.externaltools.gnu-tools-for-stm32.7-2018-q2-update.win32_1.5.0.202011040924/tools/bin/../lib/gcc/arm-none-eabi/7.3.1/thumb/v7-m\libgcc.a(_arm_cmpdf2.o)
 .ARM.attributes
                0x000000000000044c       0x1d c:/st/stm32cubeide_1.5.1/stm32cubeide/plugins/com.st.stm32cube.ide.mcu.externaltools.gnu-tools-for-stm32.7-2018-q2-update.win32_1.5.0.202011040924/tools/bin/../lib/gcc/arm-none-eabi/7.3.1/thumb/v7-m\libgcc.a(_arm_truncdfsf2.o)
 .ARM.attributes
                0x0000000000000469       0x1d c:/st/stm32cubeide_1.5.1/stm32cubeide/plugins/com.st.stm32cube.ide.mcu.externaltools.gnu-tools-for-stm32.7-2018-q2-update.win32_1.5.0.202011040924/tools/bin/../lib/gcc/arm-none-eabi/7.3.1/thumb/v7-m\libgcc.a(_arm_addsubsf3.o)
 .ARM.attributes
                0x0000000000000486       0x1d c:/st/stm32cubeide_1.5.1/stm32cubeide/plugins/com.st.stm32cube.ide.mcu.externaltools.gnu-tools-for-stm32.7-2018-q2-update.win32_1.5.0.202011040924/tools/bin/../lib/gcc/arm-none-eabi/7.3.1/thumb/v7-m\libgcc.a(_arm_muldivsf3.o)
 .ARM.attributes
                0x00000000000004a3       0x1d c:/st/stm32cubeide_1.5.1/stm32cubeide/plugins/com.st.stm32cube.ide.mcu.externaltools.gnu-tools-for-stm32.7-2018-q2-update.win32_1.5.0.202011040924/tools/bin/../lib/gcc/arm-none-eabi/7.3.1/thumb/v7-m\libgcc.a(_arm_cmpsf2.o)
 .ARM.attributes
                0x00000000000004c0       0x1d c:/st/stm32cubeide_1.5.1/stm32cubeide/plugins/com.st.stm32cube.ide.mcu.externaltools.gnu-tools-for-stm32.7-2018-q2-update.win32_1.5.0.202011040924/tools/bin/../lib/gcc/arm-none-eabi/7.3.1/thumb/v7-m\libgcc.a(_arm_fixunssfsi.o)
 .ARM.attributes
                0x00000000000004dd       0x1d c:/st/stm32cubeide_1.5.1/stm32cubeide/plugins/com.st.stm32cube.ide.mcu.externaltools.gnu-tools-for-stm32.7-2018-q2-update.win32_1.5.0.202011040924/tools/bin/../lib/gcc/arm-none-eabi/7.3.1/thumb/v7-m/crtn.o
OUTPUT(Control_MotorDC_Fuzzy.elf elf32-littlearm)

.debug_info     0x0000000000000000     0xf27b
 .debug_info    0x0000000000000000     0x1080 Core/Src/fuzzy_fis.o
 .debug_info    0x0000000000001080     0x1010 Core/Src/main.o
 .debug_info    0x0000000000002090      0x8ec Core/Src/motor.o
 .debug_info    0x000000000000297c     0x13b2 Core/Src/qffmath.o
 .debug_info    0x0000000000003d2e     0x2622 Core/Src/qfis.o
 .debug_info    0x0000000000006350      0xb75 Core/Src/qfmathex.o
 .debug_info    0x0000000000006ec5      0xd59 Core/Src/stm32f1xx_hal_msp.o
 .debug_info    0x0000000000007c1e      0x20a Core/Src/stm32f1xx_it.o
 .debug_info    0x0000000000007e28      0x29a Core/Src/system_stm32f1xx.o
 .debug_info    0x00000000000080c2       0x22 Core/Startup/startup_stm32f103c8tx.o
 .debug_info    0x00000000000080e4      0x714 Drivers/STM32F1xx_HAL_Driver/Src/stm32f1xx_hal.o
 .debug_info    0x00000000000087f8      0xb51 Drivers/STM32F1xx_HAL_Driver/Src/stm32f1xx_hal_cortex.o
 .debug_info    0x0000000000009349      0x69b Drivers/STM32F1xx_HAL_Driver/Src/stm32f1xx_hal_gpio.o
 .debug_info    0x00000000000099e4      0x80f Drivers/STM32F1xx_HAL_Driver/Src/stm32f1xx_hal_rcc.o
 .debug_info    0x000000000000a1f3     0x27f1 Drivers/STM32F1xx_HAL_Driver/Src/stm32f1xx_hal_tim.o
 .debug_info    0x000000000000c9e4     0x13ab Drivers/STM32F1xx_HAL_Driver/Src/stm32f1xx_hal_tim_ex.o
 .debug_info    0x000000000000dd8f     0x14ec Drivers/STM32F1xx_HAL_Driver/Src/stm32f1xx_hal_uart.o

.debug_abbrev   0x0000000000000000     0x20a8
 .debug_abbrev  0x0000000000000000      0x1e0 Core/Src/fuzzy_fis.o
 .debug_abbrev  0x00000000000001e0      0x257 Core/Src/main.o
 .debug_abbrev  0x0000000000000437      0x1fc Core/Src/motor.o
 .debug_abbrev  0x0000000000000633      0x23f Core/Src/qffmath.o
 .debug_abbrev  0x0000000000000872      0x2e8 Core/Src/qfis.o
 .debug_abbrev  0x0000000000000b5a      0x1d7 Core/Src/qfmathex.o
 .debug_abbrev  0x0000000000000d31      0x209 Core/Src/stm32f1xx_hal_msp.o
 .debug_abbrev  0x0000000000000f3a       0xc6 Core/Src/stm32f1xx_it.o
 .debug_abbrev  0x0000000000001000      0x134 Core/Src/system_stm32f1xx.o
 .debug_abbrev  0x0000000000001134       0x12 Core/Startup/startup_stm32f103c8tx.o
 .debug_abbrev  0x0000000000001146      0x1c7 Drivers/STM32F1xx_HAL_Driver/Src/stm32f1xx_hal.o
 .debug_abbrev  0x000000000000130d      0x2d5 Drivers/STM32F1xx_HAL_Driver/Src/stm32f1xx_hal_cortex.o
 .debug_abbrev  0x00000000000015e2      0x1c0 Drivers/STM32F1xx_HAL_Driver/Src/stm32f1xx_hal_gpio.o
 .debug_abbrev  0x00000000000017a2      0x243 Drivers/STM32F1xx_HAL_Driver/Src/stm32f1xx_hal_rcc.o
 .debug_abbrev  0x00000000000019e5      0x230 Drivers/STM32F1xx_HAL_Driver/Src/stm32f1xx_hal_tim.o
 .debug_abbrev  0x0000000000001c15      0x236 Drivers/STM32F1xx_HAL_Driver/Src/stm32f1xx_hal_tim_ex.o
 .debug_abbrev  0x0000000000001e4b      0x25d Drivers/STM32F1xx_HAL_Driver/Src/stm32f1xx_hal_uart.o

.debug_aranges  0x0000000000000000      0xff0
 .debug_aranges
                0x0000000000000000       0x28 Core/Src/fuzzy_fis.o
 .debug_aranges
                0x0000000000000028       0x68 Core/Src/main.o
 .debug_aranges
                0x0000000000000090       0x58 Core/Src/motor.o
 .debug_aranges
                0x00000000000000e8      0x198 Core/Src/qffmath.o
 .debug_aranges
                0x0000000000000280      0x208 Core/Src/qfis.o
 .debug_aranges
                0x0000000000000488       0x50 Core/Src/qfmathex.o
 .debug_aranges
                0x00000000000004d8       0x68 Core/Src/stm32f1xx_hal_msp.o
 .debug_aranges
                0x0000000000000540       0x60 Core/Src/stm32f1xx_it.o
 .debug_aranges
                0x00000000000005a0       0x28 Core/Src/system_stm32f1xx.o
 .debug_aranges
                0x00000000000005c8       0x28 Core/Startup/startup_stm32f103c8tx.o
 .debug_aranges
                0x00000000000005f0       0xe0 Drivers/STM32F1xx_HAL_Driver/Src/stm32f1xx_hal.o
 .debug_aranges
                0x00000000000006d0      0x100 Drivers/STM32F1xx_HAL_Driver/Src/stm32f1xx_hal_cortex.o
 .debug_aranges
                0x00000000000007d0       0x58 Drivers/STM32F1xx_HAL_Driver/Src/stm32f1xx_hal_gpio.o
 .debug_aranges
                0x0000000000000828       0x90 Drivers/STM32F1xx_HAL_Driver/Src/stm32f1xx_hal_rcc.o
 .debug_aranges
                0x00000000000008b8      0x3d0 Drivers/STM32F1xx_HAL_Driver/Src/stm32f1xx_hal_tim.o
 .debug_aranges
                0x0000000000000c88      0x168 Drivers/STM32F1xx_HAL_Driver/Src/stm32f1xx_hal_tim_ex.o
 .debug_aranges
                0x0000000000000df0      0x200 Drivers/STM32F1xx_HAL_Driver/Src/stm32f1xx_hal_uart.o

.debug_ranges   0x0000000000000000      0xf30
 .debug_ranges  0x0000000000000000       0x18 Core/Src/fuzzy_fis.o
 .debug_ranges  0x0000000000000018       0x58 Core/Src/main.o
 .debug_ranges  0x0000000000000070       0x48 Core/Src/motor.o
 .debug_ranges  0x00000000000000b8      0x188 Core/Src/qffmath.o
 .debug_ranges  0x0000000000000240      0x210 Core/Src/qfis.o
 .debug_ranges  0x0000000000000450       0x40 Core/Src/qfmathex.o
 .debug_ranges  0x0000000000000490       0x58 Core/Src/stm32f1xx_hal_msp.o
 .debug_ranges  0x00000000000004e8       0x50 Core/Src/stm32f1xx_it.o
 .debug_ranges  0x0000000000000538       0x18 Core/Src/system_stm32f1xx.o
 .debug_ranges  0x0000000000000550       0x20 Core/Startup/startup_stm32f103c8tx.o
 .debug_ranges  0x0000000000000570       0xd0 Drivers/STM32F1xx_HAL_Driver/Src/stm32f1xx_hal.o
 .debug_ranges  0x0000000000000640       0xf0 Drivers/STM32F1xx_HAL_Driver/Src/stm32f1xx_hal_cortex.o
 .debug_ranges  0x0000000000000730       0x48 Drivers/STM32F1xx_HAL_Driver/Src/stm32f1xx_hal_gpio.o
 .debug_ranges  0x0000000000000778       0x80 Drivers/STM32F1xx_HAL_Driver/Src/stm32f1xx_hal_rcc.o
 .debug_ranges  0x00000000000007f8      0x3c0 Drivers/STM32F1xx_HAL_Driver/Src/stm32f1xx_hal_tim.o
 .debug_ranges  0x0000000000000bb8      0x158 Drivers/STM32F1xx_HAL_Driver/Src/stm32f1xx_hal_tim_ex.o
 .debug_ranges  0x0000000000000d10      0x220 Drivers/STM32F1xx_HAL_Driver/Src/stm32f1xx_hal_uart.o

.debug_macro    0x0000000000000000    0x1814e
 .debug_macro   0x0000000000000000      0x167 Core/Src/fuzzy_fis.o
 .debug_macro   0x0000000000000167      0xa5a Core/Src/fuzzy_fis.o
 .debug_macro   0x0000000000000bc1       0x18 Core/Src/fuzzy_fis.o
 .debug_macro   0x0000000000000bd9       0x22 Core/Src/fuzzy_fis.o
 .debug_macro   0x0000000000000bfb       0x40 Core/Src/fuzzy_fis.o
 .debug_macro   0x0000000000000c3b       0x94 Core/Src/fuzzy_fis.o
 .debug_macro   0x0000000000000ccf       0x3c Core/Src/fuzzy_fis.o
 .debug_macro   0x0000000000000d0b       0x34 Core/Src/fuzzy_fis.o
 .debug_macro   0x0000000000000d3f       0x16 Core/Src/fuzzy_fis.o
 .debug_macro   0x0000000000000d55      0x10e Core/Src/fuzzy_fis.o
 .debug_macro   0x0000000000000e63       0x8d Core/Src/fuzzy_fis.o
 .debug_macro   0x0000000000000ef0       0x57 Core/Src/fuzzy_fis.o
 .debug_macro   0x0000000000000f47       0x52 Core/Src/fuzzy_fis.o
 .debug_macro   0x0000000000000f99       0x1f Core/Src/fuzzy_fis.o
 .debug_macro   0x0000000000000fb8       0x43 Core/Src/fuzzy_fis.o
 .debug_macro   0x0000000000000ffb       0x20 Core/Src/fuzzy_fis.o
 .debug_macro   0x000000000000101b      0x1a3 Core/Src/fuzzy_fis.o
 .debug_macro   0x00000000000011be      0x330 Core/Src/fuzzy_fis.o
 .debug_macro   0x00000000000014ee       0x16 Core/Src/fuzzy_fis.o
 .debug_macro   0x0000000000001504       0x29 Core/Src/fuzzy_fis.o
 .debug_macro   0x000000000000152d       0xef Core/Src/fuzzy_fis.o
 .debug_macro   0x000000000000161c       0x6a Core/Src/fuzzy_fis.o
 .debug_macro   0x0000000000001686      0x1df Core/Src/fuzzy_fis.o
 .debug_macro   0x0000000000001865       0x2b Core/Src/fuzzy_fis.o
 .debug_macro   0x0000000000001890      0x118 Core/Src/fuzzy_fis.o
 .debug_macro   0x00000000000019a8       0x90 Core/Src/fuzzy_fis.o
 .debug_macro   0x0000000000001a38      0x1ca Core/Src/main.o
 .debug_macro   0x0000000000001c02      0x21b Core/Src/main.o
 .debug_macro   0x0000000000001e1d       0x2e Core/Src/main.o
 .debug_macro   0x0000000000001e4b       0x22 Core/Src/main.o
 .debug_macro   0x0000000000001e6d       0x8e Core/Src/main.o
 .debug_macro   0x0000000000001efb       0x51 Core/Src/main.o
 .debug_macro   0x0000000000001f4c       0x1c Core/Src/main.o
 .debug_macro   0x0000000000001f68       0x22 Core/Src/main.o
 .debug_macro   0x0000000000001f8a       0xc3 Core/Src/main.o
 .debug_macro   0x000000000000204d      0xd23 Core/Src/main.o
 .debug_macro   0x0000000000002d70     0xe09e Core/Src/main.o
 .debug_macro   0x0000000000010e0e       0x6d Core/Src/main.o
 .debug_macro   0x0000000000010e7b     0x3468 Core/Src/main.o
 .debug_macro   0x00000000000142e3      0x174 Core/Src/main.o
 .debug_macro   0x0000000000014457       0x5c Core/Src/main.o
 .debug_macro   0x00000000000144b3      0x5be Core/Src/main.o
 .debug_macro   0x0000000000014a71      0x289 Core/Src/main.o
 .debug_macro   0x0000000000014cfa      0x1cb Core/Src/main.o
 .debug_macro   0x0000000000014ec5      0x114 Core/Src/main.o
 .debug_macro   0x0000000000014fd9      0x1b2 Core/Src/main.o
 .debug_macro   0x000000000001518b       0x27 Core/Src/main.o
 .debug_macro   0x00000000000151b2      0x136 Core/Src/main.o
 .debug_macro   0x00000000000152e8      0x1bc Core/Src/main.o
 .debug_macro   0x00000000000154a4       0x34 Core/Src/main.o
 .debug_macro   0x00000000000154d8       0x3c Core/Src/main.o
 .debug_macro   0x0000000000015514       0x57 Core/Src/main.o
 .debug_macro   0x000000000001556b       0x88 Core/Src/main.o
 .debug_macro   0x00000000000155f3      0x241 Core/Src/main.o
 .debug_macro   0x0000000000015834      0x141 Core/Src/main.o
 .debug_macro   0x0000000000015975      0x8d1 Core/Src/main.o
 .debug_macro   0x0000000000016246      0x279 Core/Src/main.o
 .debug_macro   0x00000000000164bf       0x83 Core/Src/main.o
 .debug_macro   0x0000000000016542       0x2e Core/Src/main.o
 .debug_macro   0x0000000000016570      0x1bc Core/Src/motor.o
 .debug_macro   0x000000000001672c      0x150 Core/Src/qffmath.o
 .debug_macro   0x000000000001687c       0x22 Core/Src/qffmath.o
 .debug_macro   0x000000000001689e       0xd0 Core/Src/qffmath.o
 .debug_macro   0x000000000001696e       0x46 Core/Src/qffmath.o
 .debug_macro   0x00000000000169b4       0x10 Core/Src/qffmath.o
 .debug_macro   0x00000000000169c4       0x35 Core/Src/qffmath.o
 .debug_macro   0x00000000000169f9       0x20 Core/Src/qffmath.o
 .debug_macro   0x0000000000016a19      0x201 Core/Src/qffmath.o
 .debug_macro   0x0000000000016c1a      0x180 Core/Src/qfis.o
 .debug_macro   0x0000000000016d9a       0xd6 Core/Src/qfis.o
 .debug_macro   0x0000000000016e70      0x1a9 Core/Src/qfmathex.o
 .debug_macro   0x0000000000017019       0x16 Core/Src/qfmathex.o
 .debug_macro   0x000000000001702f      0x1ad Core/Src/stm32f1xx_hal_msp.o
 .debug_macro   0x00000000000171dc      0x1b7 Core/Src/stm32f1xx_it.o
 .debug_macro   0x0000000000017393      0x1a3 Core/Src/system_stm32f1xx.o
 .debug_macro   0x0000000000017536      0x1c7 Drivers/STM32F1xx_HAL_Driver/Src/stm32f1xx_hal.o
 .debug_macro   0x00000000000176fd      0x1a3 Drivers/STM32F1xx_HAL_Driver/Src/stm32f1xx_hal_cortex.o
 .debug_macro   0x00000000000178a0      0x20e Drivers/STM32F1xx_HAL_Driver/Src/stm32f1xx_hal_gpio.o
 .debug_macro   0x0000000000017aae      0x1b5 Drivers/STM32F1xx_HAL_Driver/Src/stm32f1xx_hal_rcc.o
 .debug_macro   0x0000000000017c63      0x1a4 Drivers/STM32F1xx_HAL_Driver/Src/stm32f1xx_hal_tim.o
 .debug_macro   0x0000000000017e07      0x1a3 Drivers/STM32F1xx_HAL_Driver/Src/stm32f1xx_hal_tim_ex.o
 .debug_macro   0x0000000000017faa      0x1a4 Drivers/STM32F1xx_HAL_Driver/Src/stm32f1xx_hal_uart.o

.debug_line     0x0000000000000000     0xafbe
 .debug_line    0x0000000000000000      0x619 Core/Src/fuzzy_fis.o
 .debug_line    0x0000000000000619      0x7c7 Core/Src/main.o
 .debug_line    0x0000000000000de0      0x72a Core/Src/motor.o
 .debug_line    0x000000000000150a      0xa06 Core/Src/qffmath.o
 .debug_line    0x0000000000001f10      0xf86 Core/Src/qfis.o
 .debug_line    0x0000000000002e96      0x700 Core/Src/qfmathex.o
 .debug_line    0x0000000000003596      0x754 Core/Src/stm32f1xx_hal_msp.o
 .debug_line    0x0000000000003cea      0x71f Core/Src/stm32f1xx_it.o
 .debug_line    0x0000000000004409      0x69f Core/Src/system_stm32f1xx.o
 .debug_line    0x0000000000004aa8       0x87 Core/Startup/startup_stm32f103c8tx.o
 .debug_line    0x0000000000004b2f      0x852 Drivers/STM32F1xx_HAL_Driver/Src/stm32f1xx_hal.o
 .debug_line    0x0000000000005381      0x929 Drivers/STM32F1xx_HAL_Driver/Src/stm32f1xx_hal_cortex.o
 .debug_line    0x0000000000005caa      0x84e Drivers/STM32F1xx_HAL_Driver/Src/stm32f1xx_hal_gpio.o
 .debug_line    0x00000000000064f8      0x912 Drivers/STM32F1xx_HAL_Driver/Src/stm32f1xx_hal_rcc.o
 .debug_line    0x0000000000006e0a     0x1fab Drivers/STM32F1xx_HAL_Driver/Src/stm32f1xx_hal_tim.o
 .debug_line    0x0000000000008db5     0x1147 Drivers/STM32F1xx_HAL_Driver/Src/stm32f1xx_hal_tim_ex.o
 .debug_line    0x0000000000009efc     0x10c2 Drivers/STM32F1xx_HAL_Driver/Src/stm32f1xx_hal_uart.o

.debug_str      0x0000000000000000    0x8af89
 .debug_str     0x0000000000000000     0x767f Core/Src/fuzzy_fis.o
                                       0x7976 (size before relaxing)
 .debug_str     0x000000000000767f    0x7fe54 Core/Src/main.o
                                      0x83fa0 (size before relaxing)
 .debug_str     0x00000000000874d3       0x83 Core/Src/motor.o
                                      0x83974 (size before relaxing)
 .debug_str     0x0000000000087556      0xd20 Core/Src/qffmath.o
                                       0x7ca7 (size before relaxing)
 .debug_str     0x0000000000088276      0x50e Core/Src/qfis.o
                                       0x8182 (size before relaxing)
 .debug_str     0x0000000000088784       0xd3 Core/Src/qfmathex.o
                                       0x7efb (size before relaxing)
 .debug_str     0x0000000000088857      0x140 Core/Src/stm32f1xx_hal_msp.o
                                      0x83b7f (size before relaxing)
 .debug_str     0x0000000000088997       0xbd Core/Src/stm32f1xx_it.o
                                      0x833d1 (size before relaxing)
 .debug_str     0x0000000000088a54       0x52 Core/Src/system_stm32f1xx.o
                                      0x833a1 (size before relaxing)
 .debug_str     0x0000000000088aa6       0x36 Core/Startup/startup_stm32f103c8tx.o
                                         0x7a (size before relaxing)
 .debug_str     0x0000000000088adc      0x568 Drivers/STM32F1xx_HAL_Driver/Src/stm32f1xx_hal.o
                                      0x83a32 (size before relaxing)
 .debug_str     0x0000000000089044      0x300 Drivers/STM32F1xx_HAL_Driver/Src/stm32f1xx_hal_cortex.o
                                      0x83a3a (size before relaxing)
 .debug_str     0x0000000000089344      0x324 Drivers/STM32F1xx_HAL_Driver/Src/stm32f1xx_hal_gpio.o
                                      0x83765 (size before relaxing)
 .debug_str     0x0000000000089668      0x24f Drivers/STM32F1xx_HAL_Driver/Src/stm32f1xx_hal_rcc.o
                                      0x8379e (size before relaxing)
 .debug_str     0x00000000000898b7      0xc8b Drivers/STM32F1xx_HAL_Driver/Src/stm32f1xx_hal_tim.o
                                      0x84770 (size before relaxing)
 .debug_str     0x000000000008a542      0x45a Drivers/STM32F1xx_HAL_Driver/Src/stm32f1xx_hal_tim_ex.o
                                      0x83f21 (size before relaxing)
 .debug_str     0x000000000008a99c      0x5ed Drivers/STM32F1xx_HAL_Driver/Src/stm32f1xx_hal_uart.o
                                      0x83d90 (size before relaxing)

.comment        0x0000000000000000       0x7b
 .comment       0x0000000000000000       0x7b Core/Src/fuzzy_fis.o
                                         0x7c (size before relaxing)
 .comment       0x000000000000007b       0x7c Core/Src/main.o
 .comment       0x000000000000007b       0x7c Core/Src/motor.o
 .comment       0x000000000000007b       0x7c Core/Src/qffmath.o
 .comment       0x000000000000007b       0x7c Core/Src/qfis.o
 .comment       0x000000000000007b       0x7c Core/Src/qfmathex.o
 .comment       0x000000000000007b       0x7c Core/Src/stm32f1xx_hal_msp.o
 .comment       0x000000000000007b       0x7c Core/Src/stm32f1xx_it.o
 .comment       0x000000000000007b       0x7c Core/Src/system_stm32f1xx.o
 .comment       0x000000000000007b       0x7c Drivers/STM32F1xx_HAL_Driver/Src/stm32f1xx_hal.o
 .comment       0x000000000000007b       0x7c Drivers/STM32F1xx_HAL_Driver/Src/stm32f1xx_hal_cortex.o
 .comment       0x000000000000007b       0x7c Drivers/STM32F1xx_HAL_Driver/Src/stm32f1xx_hal_gpio.o
 .comment       0x000000000000007b       0x7c Drivers/STM32F1xx_HAL_Driver/Src/stm32f1xx_hal_rcc.o
 .comment       0x000000000000007b       0x7c Drivers/STM32F1xx_HAL_Driver/Src/stm32f1xx_hal_tim.o
 .comment       0x000000000000007b       0x7c Drivers/STM32F1xx_HAL_Driver/Src/stm32f1xx_hal_tim_ex.o
 .comment       0x000000000000007b       0x7c Drivers/STM32F1xx_HAL_Driver/Src/stm32f1xx_hal_uart.o

.debug_frame    0x0000000000000000     0x46c4
 .debug_frame   0x0000000000000000       0x58 Core/Src/fuzzy_fis.o
 .debug_frame   0x0000000000000058      0x160 Core/Src/main.o
 .debug_frame   0x00000000000001b8      0x130 Core/Src/motor.o
 .debug_frame   0x00000000000002e8      0x6fc Core/Src/qffmath.o
 .debug_frame   0x00000000000009e4      0x970 Core/Src/qfis.o
 .debug_frame   0x0000000000001354      0x120 Core/Src/qfmathex.o
 .debug_frame   0x0000000000001474      0x18c Core/Src/stm32f1xx_hal_msp.o
 .debug_frame   0x0000000000001600      0x104 Core/Src/stm32f1xx_it.o
 .debug_frame   0x0000000000001704       0x58 Core/Src/system_stm32f1xx.o
 .debug_frame   0x000000000000175c      0x334 Drivers/STM32F1xx_HAL_Driver/Src/stm32f1xx_hal.o
 .debug_frame   0x0000000000001a90      0x428 Drivers/STM32F1xx_HAL_Driver/Src/stm32f1xx_hal_cortex.o
 .debug_frame   0x0000000000001eb8      0x14c Drivers/STM32F1xx_HAL_Driver/Src/stm32f1xx_hal_gpio.o
 .debug_frame   0x0000000000002004      0x21c Drivers/STM32F1xx_HAL_Driver/Src/stm32f1xx_hal_rcc.o
 .debug_frame   0x0000000000002220     0x11b8 Drivers/STM32F1xx_HAL_Driver/Src/stm32f1xx_hal_tim.o
 .debug_frame   0x00000000000033d8      0x638 Drivers/STM32F1xx_HAL_Driver/Src/stm32f1xx_hal_tim_ex.o
 .debug_frame   0x0000000000003a10      0x914 Drivers/STM32F1xx_HAL_Driver/Src/stm32f1xx_hal_uart.o
 .debug_frame   0x0000000000004324       0x2c c:/st/stm32cubeide_1.5.1/stm32cubeide/plugins/com.st.stm32cube.ide.mcu.externaltools.gnu-tools-for-stm32.7-2018-q2-update.win32_1.5.0.202011040924/tools/bin/../lib/gcc/arm-none-eabi/7.3.1/../../../../arm-none-eabi/lib/thumb/v7-m\libc_nano.a(lib_a-init.o)
 .debug_frame   0x0000000000004350       0x20 c:/st/stm32cubeide_1.5.1/stm32cubeide/plugins/com.st.stm32cube.ide.mcu.externaltools.gnu-tools-for-stm32.7-2018-q2-update.win32_1.5.0.202011040924/tools/bin/../lib/gcc/arm-none-eabi/7.3.1/../../../../arm-none-eabi/lib/thumb/v7-m\libc_nano.a(lib_a-memset.o)
 .debug_frame   0x0000000000004370       0xac c:/st/stm32cubeide_1.5.1/stm32cubeide/plugins/com.st.stm32cube.ide.mcu.externaltools.gnu-tools-for-stm32.7-2018-q2-update.win32_1.5.0.202011040924/tools/bin/../lib/gcc/arm-none-eabi/7.3.1/thumb/v7-m\libgcc.a(_arm_addsubdf3.o)
 .debug_frame   0x000000000000441c       0x50 c:/st/stm32cubeide_1.5.1/stm32cubeide/plugins/com.st.stm32cube.ide.mcu.externaltools.gnu-tools-for-stm32.7-2018-q2-update.win32_1.5.0.202011040924/tools/bin/../lib/gcc/arm-none-eabi/7.3.1/thumb/v7-m\libgcc.a(_arm_muldivdf3.o)
 .debug_frame   0x000000000000446c       0xc4 c:/st/stm32cubeide_1.5.1/stm32cubeide/plugins/com.st.stm32cube.ide.mcu.externaltools.gnu-tools-for-stm32.7-2018-q2-update.win32_1.5.0.202011040924/tools/bin/../lib/gcc/arm-none-eabi/7.3.1/thumb/v7-m\libgcc.a(_arm_cmpdf2.o)
 .debug_frame   0x0000000000004530       0x24 c:/st/stm32cubeide_1.5.1/stm32cubeide/plugins/com.st.stm32cube.ide.mcu.externaltools.gnu-tools-for-stm32.7-2018-q2-update.win32_1.5.0.202011040924/tools/bin/../lib/gcc/arm-none-eabi/7.3.1/thumb/v7-m\libgcc.a(_arm_truncdfsf2.o)
 .debug_frame   0x0000000000004554       0x4c c:/st/stm32cubeide_1.5.1/stm32cubeide/plugins/com.st.stm32cube.ide.mcu.externaltools.gnu-tools-for-stm32.7-2018-q2-update.win32_1.5.0.202011040924/tools/bin/../lib/gcc/arm-none-eabi/7.3.1/thumb/v7-m\libgcc.a(_arm_addsubsf3.o)
 .debug_frame   0x00000000000045a0       0x38 c:/st/stm32cubeide_1.5.1/stm32cubeide/plugins/com.st.stm32cube.ide.mcu.externaltools.gnu-tools-for-stm32.7-2018-q2-update.win32_1.5.0.202011040924/tools/bin/../lib/gcc/arm-none-eabi/7.3.1/thumb/v7-m\libgcc.a(_arm_muldivsf3.o)
 .debug_frame   0x00000000000045d8       0xc8 c:/st/stm32cubeide_1.5.1/stm32cubeide/plugins/com.st.stm32cube.ide.mcu.externaltools.gnu-tools-for-stm32.7-2018-q2-update.win32_1.5.0.202011040924/tools/bin/../lib/gcc/arm-none-eabi/7.3.1/thumb/v7-m\libgcc.a(_arm_cmpsf2.o)
 .debug_frame   0x00000000000046a0       0x24 c:/st/stm32cubeide_1.5.1/stm32cubeide/plugins/com.st.stm32cube.ide.mcu.externaltools.gnu-tools-for-stm32.7-2018-q2-update.win32_1.5.0.202011040924/tools/bin/../lib/gcc/arm-none-eabi/7.3.1/thumb/v7-m\libgcc.a(_arm_fixunssfsi.o)
